Archive member included to satisfy reference by file (symbol)

//usr/lib/x86_64-linux-gnu/libc_nonshared.a(elf-init.oS)
                              /usr/lib/gcc/x86_64-linux-gnu/8/../../../x86_64-linux-gnu/Scrt1.o (__libc_csu_init)

Discarded input sections

 .note.GNU-stack
                0x0000000000000000        0x0 /usr/lib/gcc/x86_64-linux-gnu/8/../../../x86_64-linux-gnu/Scrt1.o
 .note.GNU-stack
                0x0000000000000000        0x0 /usr/lib/gcc/x86_64-linux-gnu/8/../../../x86_64-linux-gnu/crti.o
 .note.GNU-stack
                0x0000000000000000        0x0 /usr/lib/gcc/x86_64-linux-gnu/8/crtbeginS.o
 .note.GNU-stack
                0x0000000000000000        0x0 aes.o
 .note.GNU-stack
                0x0000000000000000        0x0 test.o
 .note.GNU-stack
                0x0000000000000000        0x0 //usr/lib/x86_64-linux-gnu/libc_nonshared.a(elf-init.oS)
 .note.GNU-stack
                0x0000000000000000        0x0 /usr/lib/gcc/x86_64-linux-gnu/8/crtendS.o
 .note.GNU-stack
                0x0000000000000000        0x0 /usr/lib/gcc/x86_64-linux-gnu/8/../../../x86_64-linux-gnu/crtn.o

Memory Configuration

Name             Origin             Length             Attributes
*default*        0x0000000000000000 0xffffffffffffffff

Linker script and memory map

LOAD /usr/lib/gcc/x86_64-linux-gnu/8/../../../x86_64-linux-gnu/Scrt1.o
LOAD /usr/lib/gcc/x86_64-linux-gnu/8/../../../x86_64-linux-gnu/crti.o
LOAD /usr/lib/gcc/x86_64-linux-gnu/8/crtbeginS.o
LOAD aes.o
LOAD test.o
LOAD /usr/lib/gcc/x86_64-linux-gnu/8/libgcc.a
LOAD /usr/lib/gcc/x86_64-linux-gnu/8/libgcc_s.so
START GROUP
LOAD /usr/lib/gcc/x86_64-linux-gnu/8/libgcc_s.so.1
LOAD /usr/lib/gcc/x86_64-linux-gnu/8/libgcc.a
END GROUP
LOAD /usr/lib/gcc/x86_64-linux-gnu/8/../../../x86_64-linux-gnu/libc.so
START GROUP
LOAD //lib/x86_64-linux-gnu/libc.so.6
LOAD //usr/lib/x86_64-linux-gnu/libc_nonshared.a
LOAD //lib/x86_64-linux-gnu/ld-linux-x86-64.so.2
END GROUP
LOAD /usr/lib/gcc/x86_64-linux-gnu/8/libgcc.a
LOAD /usr/lib/gcc/x86_64-linux-gnu/8/libgcc_s.so
START GROUP
LOAD /usr/lib/gcc/x86_64-linux-gnu/8/libgcc_s.so.1
LOAD /usr/lib/gcc/x86_64-linux-gnu/8/libgcc.a
END GROUP
LOAD /usr/lib/gcc/x86_64-linux-gnu/8/crtendS.o
LOAD /usr/lib/gcc/x86_64-linux-gnu/8/../../../x86_64-linux-gnu/crtn.o
                [!provide]                        PROVIDE (__executable_start = SEGMENT_START ("text-segment", 0x0))
                0x00000000000002a8                . = (SEGMENT_START ("text-segment", 0x0) + SIZEOF_HEADERS)

.interp         0x00000000000002a8       0x1c
 *(.interp)
 .interp        0x00000000000002a8       0x1c /usr/lib/gcc/x86_64-linux-gnu/8/../../../x86_64-linux-gnu/Scrt1.o

.note.ABI-tag   0x00000000000002c4       0x20
 .note.ABI-tag  0x00000000000002c4       0x20 /usr/lib/gcc/x86_64-linux-gnu/8/../../../x86_64-linux-gnu/Scrt1.o

.note.gnu.build-id
                0x00000000000002e4       0x24
 *(.note.gnu.build-id)
 .note.gnu.build-id
                0x00000000000002e4       0x24 /usr/lib/gcc/x86_64-linux-gnu/8/../../../x86_64-linux-gnu/Scrt1.o

.hash
 *(.hash)

.gnu.hash       0x0000000000000308       0x24
 *(.gnu.hash)
 .gnu.hash      0x0000000000000308       0x24 /usr/lib/gcc/x86_64-linux-gnu/8/../../../x86_64-linux-gnu/Scrt1.o

.dynsym         0x0000000000000330       0xc0
 *(.dynsym)
 .dynsym        0x0000000000000330       0xc0 /usr/lib/gcc/x86_64-linux-gnu/8/../../../x86_64-linux-gnu/Scrt1.o

.dynstr         0x00000000000003f0       0x8c
 *(.dynstr)
 .dynstr        0x00000000000003f0       0x8c /usr/lib/gcc/x86_64-linux-gnu/8/../../../x86_64-linux-gnu/Scrt1.o

.gnu.version    0x000000000000047c       0x10
 *(.gnu.version)
 .gnu.version   0x000000000000047c       0x10 /usr/lib/gcc/x86_64-linux-gnu/8/../../../x86_64-linux-gnu/Scrt1.o

.gnu.version_d  0x0000000000000490        0x0
 *(.gnu.version_d)
 .gnu.version_d
                0x0000000000000490        0x0 /usr/lib/gcc/x86_64-linux-gnu/8/../../../x86_64-linux-gnu/Scrt1.o

.gnu.version_r  0x0000000000000490       0x20
 *(.gnu.version_r)
 .gnu.version_r
                0x0000000000000490       0x20 /usr/lib/gcc/x86_64-linux-gnu/8/../../../x86_64-linux-gnu/Scrt1.o

.rela.dyn       0x00000000000004b0       0xc0
 *(.rela.init)
 *(.rela.text .rela.text.* .rela.gnu.linkonce.t.*)
 .rela.text     0x00000000000004b0        0x0 /usr/lib/gcc/x86_64-linux-gnu/8/../../../x86_64-linux-gnu/Scrt1.o
 *(.rela.fini)
 *(.rela.rodata .rela.rodata.* .rela.gnu.linkonce.r.*)
 *(.rela.data .rela.data.* .rela.gnu.linkonce.d.*)
 .rela.data.rel.ro
                0x00000000000004b0        0x0 /usr/lib/gcc/x86_64-linux-gnu/8/../../../x86_64-linux-gnu/Scrt1.o
 .rela.data.rel.local
                0x00000000000004b0       0x18 /usr/lib/gcc/x86_64-linux-gnu/8/../../../x86_64-linux-gnu/Scrt1.o
 *(.rela.tdata .rela.tdata.* .rela.gnu.linkonce.td.*)
 *(.rela.tbss .rela.tbss.* .rela.gnu.linkonce.tb.*)
 *(.rela.ctors)
 *(.rela.dtors)
 *(.rela.got)
 .rela.got      0x00000000000004c8       0x78 /usr/lib/gcc/x86_64-linux-gnu/8/../../../x86_64-linux-gnu/Scrt1.o
 *(.rela.bss .rela.bss.* .rela.gnu.linkonce.b.*)
 .rela.bss      0x0000000000000540        0x0 /usr/lib/gcc/x86_64-linux-gnu/8/../../../x86_64-linux-gnu/Scrt1.o
 *(.rela.ldata .rela.ldata.* .rela.gnu.linkonce.l.*)
 *(.rela.lbss .rela.lbss.* .rela.gnu.linkonce.lb.*)
 *(.rela.lrodata .rela.lrodata.* .rela.gnu.linkonce.lr.*)
 *(.rela.ifunc)
 .rela.ifunc    0x0000000000000540        0x0 /usr/lib/gcc/x86_64-linux-gnu/8/../../../x86_64-linux-gnu/Scrt1.o
 .rela.fini_array
                0x0000000000000540       0x18 /usr/lib/gcc/x86_64-linux-gnu/8/../../../x86_64-linux-gnu/Scrt1.o
 .rela.init_array
                0x0000000000000558       0x18 /usr/lib/gcc/x86_64-linux-gnu/8/../../../x86_64-linux-gnu/Scrt1.o

.rela.plt       0x0000000000000570       0x30
 *(.rela.plt)
 .rela.plt      0x0000000000000570       0x30 /usr/lib/gcc/x86_64-linux-gnu/8/../../../x86_64-linux-gnu/Scrt1.o
                [!provide]                        PROVIDE (__rela_iplt_start = .)
 *(.rela.iplt)
                [!provide]                        PROVIDE (__rela_iplt_end = .)
                0x0000000000001000                . = ALIGN (CONSTANT (MAXPAGESIZE))

.init           0x0000000000001000       0x17
 *(SORT_NONE(.init))
 .init          0x0000000000001000       0x12 /usr/lib/gcc/x86_64-linux-gnu/8/../../../x86_64-linux-gnu/crti.o
                0x0000000000001000                _init
 .init          0x0000000000001012        0x5 /usr/lib/gcc/x86_64-linux-gnu/8/../../../x86_64-linux-gnu/crtn.o

.plt            0x0000000000001020       0x30
 *(.plt)
 .plt           0x0000000000001020       0x30 /usr/lib/gcc/x86_64-linux-gnu/8/../../../x86_64-linux-gnu/Scrt1.o
                0x0000000000001030                putchar@@GLIBC_2.2.5
                0x0000000000001040                printf@@GLIBC_2.2.5
 *(.iplt)

.plt.got        0x0000000000001050        0x8
 *(.plt.got)
 .plt.got       0x0000000000001050        0x8 /usr/lib/gcc/x86_64-linux-gnu/8/../../../x86_64-linux-gnu/Scrt1.o
                0x0000000000001050                __cxa_finalize@@GLIBC_2.2.5

.plt.sec
 *(.plt.sec)

.text           0x0000000000001060      0x5c1
 *(.text.unlikely .text.*_unlikely .text.unlikely.*)
 *(.text.exit .text.exit.*)
 *(.text.startup .text.startup.*)
 .text.startup  0x0000000000001060       0xa9 test.o
                0x0000000000001060                main
 *(.text.hot .text.hot.*)
 *(.text .stub .text.* .gnu.linkonce.t.*)
 *fill*         0x0000000000001109        0x7 
 .text          0x0000000000001110       0x2b /usr/lib/gcc/x86_64-linux-gnu/8/../../../x86_64-linux-gnu/Scrt1.o
                0x0000000000001110                _start
 .text          0x000000000000113b        0x0 /usr/lib/gcc/x86_64-linux-gnu/8/../../../x86_64-linux-gnu/crti.o
 *fill*         0x000000000000113b        0x5 
 .text          0x0000000000001140       0xb5 /usr/lib/gcc/x86_64-linux-gnu/8/crtbeginS.o
 .text          0x00000000000011f5      0x387 aes.o
                0x00000000000011f5                aes2
                0x00000000000013cb                aes
 .text          0x000000000000157c       0x36 test.o
 *fill*         0x00000000000015b2        0xe 
 .text          0x00000000000015c0       0x61 //usr/lib/x86_64-linux-gnu/libc_nonshared.a(elf-init.oS)
                0x00000000000015c0                __libc_csu_init
                0x0000000000001620                __libc_csu_fini
 .text          0x0000000000001621        0x0 /usr/lib/gcc/x86_64-linux-gnu/8/crtendS.o
 .text          0x0000000000001621        0x0 /usr/lib/gcc/x86_64-linux-gnu/8/../../../x86_64-linux-gnu/crtn.o
 *(.gnu.warning)

.fini           0x0000000000001624        0x9
 *(SORT_NONE(.fini))
 .fini          0x0000000000001624        0x4 /usr/lib/gcc/x86_64-linux-gnu/8/../../../x86_64-linux-gnu/crti.o
                0x0000000000001624                _fini
 .fini          0x0000000000001628        0x5 /usr/lib/gcc/x86_64-linux-gnu/8/../../../x86_64-linux-gnu/crtn.o
                [!provide]                        PROVIDE (__etext = .)
                [!provide]                        PROVIDE (_etext = .)
                [!provide]                        PROVIDE (etext = .)
                0x0000000000002000                . = ALIGN (CONSTANT (MAXPAGESIZE))
                0x0000000000002000                . = SEGMENT_START ("rodata-segment", (ALIGN (CONSTANT (MAXPAGESIZE)) + (. & (CONSTANT (MAXPAGESIZE) - 0x1))))

.rodata         0x0000000000002000      0x265
 *(.rodata .rodata.* .gnu.linkonce.r.*)
 .rodata.cst4   0x0000000000002000        0x4 /usr/lib/gcc/x86_64-linux-gnu/8/../../../x86_64-linux-gnu/Scrt1.o
                0x0000000000002000                _IO_stdin_used
 *fill*         0x0000000000002004       0x1c 
 .rodata        0x0000000000002020      0x240 aes.o
 .rodata.str1.1
                0x0000000000002260        0x5 test.o

.rodata1
 *(.rodata1)

.eh_frame_hdr   0x0000000000002268       0x54
 *(.eh_frame_hdr)
 .eh_frame_hdr  0x0000000000002268       0x54 /usr/lib/gcc/x86_64-linux-gnu/8/../../../x86_64-linux-gnu/Scrt1.o
                0x0000000000002268                __GNU_EH_FRAME_HDR
 *(.eh_frame_entry .eh_frame_entry.*)

.eh_frame       0x00000000000022c0      0x178
 *(.eh_frame)
 .eh_frame      0x00000000000022c0       0x30 /usr/lib/gcc/x86_64-linux-gnu/8/../../../x86_64-linux-gnu/Scrt1.o
                                         0x2c (size before relaxing)
 *fill*         0x00000000000022f0        0x0 
 .eh_frame      0x00000000000022f0       0x40 /usr/lib/gcc/x86_64-linux-gnu/8/../../../x86_64-linux-gnu/Scrt1.o
 .eh_frame      0x0000000000002330       0x18 /usr/lib/gcc/x86_64-linux-gnu/8/../../../x86_64-linux-gnu/Scrt1.o
                                         0x30 (size before relaxing)
 .eh_frame      0x0000000000002348       0x40 aes.o
                                         0x58 (size before relaxing)
 .eh_frame      0x0000000000002388       0x50 test.o
                                         0x68 (size before relaxing)
 .eh_frame      0x00000000000023d8       0x5c //usr/lib/x86_64-linux-gnu/libc_nonshared.a(elf-init.oS)
                                         0x78 (size before relaxing)
 .eh_frame      0x0000000000002434        0x4 /usr/lib/gcc/x86_64-linux-gnu/8/crtendS.o
 *(.eh_frame.*)

.gcc_except_table
 *(.gcc_except_table .gcc_except_table.*)

.gnu_extab
 *(.gnu_extab*)

.exception_ranges
 *(.exception_ranges .exception_ranges*)
                0x0000000000003de8                . = DATA_SEGMENT_ALIGN (CONSTANT (MAXPAGESIZE), CONSTANT (COMMONPAGESIZE))

.eh_frame
 *(.eh_frame)
 *(.eh_frame.*)

.gnu_extab
 *(.gnu_extab)

.gcc_except_table
 *(.gcc_except_table .gcc_except_table.*)

.exception_ranges
 *(.exception_ranges .exception_ranges*)

.tdata          0x0000000000003de8        0x0
                [!provide]                        PROVIDE (__tdata_start = .)
 *(.tdata .tdata.* .gnu.linkonce.td.*)

.tbss
 *(.tbss .tbss.* .gnu.linkonce.tb.*)
 *(.tcommon)

.preinit_array  0x0000000000003de8        0x0
                [!provide]                        PROVIDE (__preinit_array_start = .)
 *(.preinit_array)
                [!provide]                        PROVIDE (__preinit_array_end = .)

.init_array     0x0000000000003de8        0x8
                0x0000000000003de8                PROVIDE (__init_array_start = .)
 *(SORT_BY_INIT_PRIORITY(.init_array.*) SORT_BY_INIT_PRIORITY(.ctors.*))
 *(.init_array EXCLUDE_FILE(*crtend?.o *crtend.o *crtbegin?.o *crtbegin.o) .ctors)
 .init_array    0x0000000000003de8        0x8 /usr/lib/gcc/x86_64-linux-gnu/8/crtbeginS.o
                0x0000000000003df0                PROVIDE (__init_array_end = .)

.fini_array     0x0000000000003df0        0x8
                [!provide]                        PROVIDE (__fini_array_start = .)
 *(SORT_BY_INIT_PRIORITY(.fini_array.*) SORT_BY_INIT_PRIORITY(.dtors.*))
 *(.fini_array EXCLUDE_FILE(*crtend?.o *crtend.o *crtbegin?.o *crtbegin.o) .dtors)
 .fini_array    0x0000000000003df0        0x8 /usr/lib/gcc/x86_64-linux-gnu/8/crtbeginS.o
                [!provide]                        PROVIDE (__fini_array_end = .)

.ctors
 *crtbegin.o(.ctors)
 *crtbegin?.o(.ctors)
 *(EXCLUDE_FILE(*crtend?.o *crtend.o) .ctors)
 *(SORT_BY_NAME(.ctors.*))
 *(.ctors)

.dtors
 *crtbegin.o(.dtors)
 *crtbegin?.o(.dtors)
 *(EXCLUDE_FILE(*crtend?.o *crtend.o) .dtors)
 *(SORT_BY_NAME(.dtors.*))
 *(.dtors)

.jcr
 *(.jcr)

.data.rel.ro    0x0000000000003df8        0x0
 *(.data.rel.ro.local* .gnu.linkonce.d.rel.ro.local.*)
 *(.data.rel.ro .data.rel.ro.* .gnu.linkonce.d.rel.ro.*)
 .data.rel.ro   0x0000000000003df8        0x0 /usr/lib/gcc/x86_64-linux-gnu/8/../../../x86_64-linux-gnu/Scrt1.o

.dynamic        0x0000000000003df8      0x1e0
 *(.dynamic)
 .dynamic       0x0000000000003df8      0x1e0 /usr/lib/gcc/x86_64-linux-gnu/8/../../../x86_64-linux-gnu/Scrt1.o
                0x0000000000003df8                _DYNAMIC

.got            0x0000000000003fd8       0x28
 *(.got)
 .got           0x0000000000003fd8       0x28 /usr/lib/gcc/x86_64-linux-gnu/8/../../../x86_64-linux-gnu/Scrt1.o
 *(.igot)
                0x0000000000004fe8                . = DATA_SEGMENT_RELRO_END (., (SIZEOF (.got.plt) >= 0x18)?0x18:0x0)

.got.plt        0x0000000000004000       0x28
 *(.got.plt)
 .got.plt       0x0000000000004000       0x28 /usr/lib/gcc/x86_64-linux-gnu/8/../../../x86_64-linux-gnu/Scrt1.o
                0x0000000000004000                _GLOBAL_OFFSET_TABLE_
 *(.igot.plt)

.data           0x0000000000004028       0x10
 *(.data .data.* .gnu.linkonce.d.*)
 .data          0x0000000000004028        0x4 /usr/lib/gcc/x86_64-linux-gnu/8/../../../x86_64-linux-gnu/Scrt1.o
                0x0000000000004028                data_start
                0x0000000000004028                __data_start
 .data          0x000000000000402c        0x0 /usr/lib/gcc/x86_64-linux-gnu/8/../../../x86_64-linux-gnu/crti.o
 .data          0x000000000000402c        0x0 /usr/lib/gcc/x86_64-linux-gnu/8/crtbeginS.o
 *fill*         0x000000000000402c        0x4 
 .data.rel.local
                0x0000000000004030        0x8 /usr/lib/gcc/x86_64-linux-gnu/8/crtbeginS.o
                0x0000000000004030                __dso_handle
 .data          0x0000000000004038        0x0 aes.o
 .data          0x0000000000004038        0x0 test.o
 .data          0x0000000000004038        0x0 //usr/lib/x86_64-linux-gnu/libc_nonshared.a(elf-init.oS)
 .data          0x0000000000004038        0x0 /usr/lib/gcc/x86_64-linux-gnu/8/crtendS.o
 .data          0x0000000000004038        0x0 /usr/lib/gcc/x86_64-linux-gnu/8/../../../x86_64-linux-gnu/crtn.o

.tm_clone_table
                0x0000000000004038        0x0
 .tm_clone_table
                0x0000000000004038        0x0 /usr/lib/gcc/x86_64-linux-gnu/8/crtbeginS.o
 .tm_clone_table
                0x0000000000004038        0x0 /usr/lib/gcc/x86_64-linux-gnu/8/crtendS.o

.data1
 *(.data1)
                0x0000000000004038                _edata = .
                [!provide]                        PROVIDE (edata = .)
                0x0000000000004038                . = .
                0x0000000000004038                __bss_start = .

.bss            0x0000000000004038        0x8
 *(.dynbss)
 .dynbss        0x0000000000004038        0x0 /usr/lib/gcc/x86_64-linux-gnu/8/../../../x86_64-linux-gnu/Scrt1.o
 *(.bss .bss.* .gnu.linkonce.b.*)
 .bss           0x0000000000004038        0x0 /usr/lib/gcc/x86_64-linux-gnu/8/../../../x86_64-linux-gnu/Scrt1.o
 .bss           0x0000000000004038        0x0 /usr/lib/gcc/x86_64-linux-gnu/8/../../../x86_64-linux-gnu/crti.o
 .bss           0x0000000000004038        0x1 /usr/lib/gcc/x86_64-linux-gnu/8/crtbeginS.o
 .bss           0x0000000000004039        0x0 aes.o
 .bss           0x0000000000004039        0x0 test.o
 .bss           0x0000000000004039        0x0 //usr/lib/x86_64-linux-gnu/libc_nonshared.a(elf-init.oS)
 .bss           0x0000000000004039        0x0 /usr/lib/gcc/x86_64-linux-gnu/8/crtendS.o
 .bss           0x0000000000004039        0x0 /usr/lib/gcc/x86_64-linux-gnu/8/../../../x86_64-linux-gnu/crtn.o
 *(COMMON)
                0x0000000000004040                . = ALIGN ((. != 0x0)?0x8:0x1)
 *fill*         0x0000000000004039        0x7 

.lbss
 *(.dynlbss)
 *(.lbss .lbss.* .gnu.linkonce.lb.*)
 *(LARGE_COMMON)
                0x0000000000004040                . = ALIGN (0x8)
                0x0000000000004040                . = SEGMENT_START ("ldata-segment", .)

.lrodata
 *(.lrodata .lrodata.* .gnu.linkonce.lr.*)

.ldata          0x0000000000006040        0x0
 *(.ldata .ldata.* .gnu.linkonce.l.*)
                0x0000000000006040                . = ALIGN ((. != 0x0)?0x8:0x1)
                0x0000000000006040                . = ALIGN (0x8)
                0x0000000000006040                _end = .
                [!provide]                        PROVIDE (end = .)
                0x0000000000006040                . = DATA_SEGMENT_END (.)

.stab
 *(.stab)

.stabstr
 *(.stabstr)

.stab.excl
 *(.stab.excl)

.stab.exclstr
 *(.stab.exclstr)

.stab.index
 *(.stab.index)

.stab.indexstr
 *(.stab.indexstr)

.comment        0x0000000000000000       0x1c
 *(.comment)
 .comment       0x0000000000000000       0x1c /usr/lib/gcc/x86_64-linux-gnu/8/crtbeginS.o
                                         0x1d (size before relaxing)
 .comment       0x000000000000001c       0x1d aes.o
 .comment       0x000000000000001c       0x1d test.o
 .comment       0x000000000000001c       0x1d /usr/lib/gcc/x86_64-linux-gnu/8/crtendS.o

.debug
 *(.debug)

.line
 *(.line)

.debug_srcinfo
 *(.debug_srcinfo)

.debug_sfnames
 *(.debug_sfnames)

.debug_aranges
 *(.debug_aranges)

.debug_pubnames
 *(.debug_pubnames)

.debug_info
 *(.debug_info .gnu.linkonce.wi.*)

.debug_abbrev
 *(.debug_abbrev)

.debug_line
 *(.debug_line .debug_line.* .debug_line_end)

.debug_frame
 *(.debug_frame)

.debug_str
 *(.debug_str)

.debug_loc
 *(.debug_loc)

.debug_macinfo
 *(.debug_macinfo)

.debug_weaknames
 *(.debug_weaknames)

.debug_funcnames
 *(.debug_funcnames)

.debug_typenames
 *(.debug_typenames)

.debug_varnames
 *(.debug_varnames)

.debug_pubtypes
 *(.debug_pubtypes)

.debug_ranges
 *(.debug_ranges)

.debug_macro
 *(.debug_macro)

.debug_addr
 *(.debug_addr)

.gnu.attributes
 *(.gnu.attributes)

/DISCARD/
 *(.note.GNU-stack)
 *(.gnu_debuglink)
 *(.gnu.lto_*)
OUTPUT(test.elf elf64-x86-64)
